C51 COMPILER V9.60.0.0   SLAVE1                                                            06/01/2022 23:51:18 PAGE 1   


C51 COMPILER V9.60.0.0, COMPILATION OF MODULE SLAVE1
OBJECT MODULE PLACED IN Slave1.OBJ
COMPILER INVOKED BY: C:\Keil_v5\C51\BIN\C51.EXE Slave1.c OPTIMIZE(8,SPEED) BROWSE DEBUG OBJECTEXTEND TABS(2)

line level    source

   1          #include <reg52.h>
   2          #include "LCD1602.h"
   3          #include "Delay.h"
   4          
   5          #define uchar unsigned char 
   6          #define uint unsigned int
   7          #define OSC 12000000
   8          #define BAUDRATE 4800
   9          
  10          uchar R_buf[10],T_buf[10];    //接收数据缓存
  11          uint RPtr, TPtr; // 接收与发送指针
  12          uchar check, len, R_check; // 校验位和数据长度
  13          uchar slave_addr = 0x01; // 本机地址 
  14          uchar R_addr = 0x00;    // 接收到地址
  15          uint time_count = 0; //计时
  16          bit Succ = 1; //判断从机是否接收成功
  17          bit R_done = 0; // 接收完成
  18          bit T_done = 0 ;// 发送完成
  19          bit A_acc = 0; // 判断地址有效
  20          sbit LED = P2^3;
  21          sbit RS485_TR = P3^2;
  22          
  23          #define TXEN RS485_TR=1 //发送使能
  24          #define RXEN RS485_TR=0 //接收使能
  25          
  26          
  27          void serial_init(){
  28   1        TMOD = 0X20; // 定时器1选择模式2，8位自动重载
  29   1        TL1 = 256 - (OSC / BAUDRATE / 12 / 16); // 硬件自动重载
  30   1        TH1 = 256 - (OSC / BAUDRATE / 12 / 16);
  31   1        TR1 = 1;     // 开启计数
  32   1        SCON = 0xF0; // 串口工作方式3
  33   1        PCON |= 0x80;
  34   1        EA = 1;
  35   1        ES = 1;
  36   1        RXEN;
  37   1      }
  38          
  39          
  40          
  41          void timer0_init(){
  42   1        TMOD &= 0xF0;
  43   1        TMOD |= 0x01;
  44   1        TF0 = 0;
  45   1        TR0 = 1; 
  46   1        TH0 = (65535 - 1000)/256;
  47   1        TL0 = (65535 - 1000)%256;
  48   1        ET0 = 1;
  49   1        PT0 = 1;
  50   1        EA = 1;
  51   1      }
  52          
  53          void show_test_data(uchar index,uchar TR_data){
  54   1        
  55   1        switch(index){
C51 COMPILER V9.60.0.0   SLAVE1                                                            06/01/2022 23:51:18 PAGE 2   

  56   2          case 0:
  57   2            show_string(2,1, "_T_");
  58   2            delay(1000);
  59   2            show_num(2, 1, TR_data, 3);
  60   2            break;
  61   2          case 1:
  62   2            show_string(2,1, "_R_");
  63   2            delay(1000);
  64   2            show_num(2, 1, TR_data, 3);
  65   2            break;
  66   2          case 2:
  67   2            show_string(2,1, "TD_");
  68   2            delay(1000);
  69   2            show_num(2, 1, TR_data, 3);
  70   2            break;
  71   2          case 3:
  72   2            show_string(2,1, "RD_");
  73   2            delay(1000);
  74   2            show_num(2, 1, TR_data, 3);
  75   2            break;
  76   2          case 4:
  77   2            show_string(2,1, "RA_");
  78   2            delay(1000);
  79   2            show_num(2, 1, TR_data, 3);
  80   2            break;
  81   2          case 5:
  82   2            show_string(2,1, "TA_");
  83   2            delay(1000);
  84   2            show_num(2, 1, TR_data, 3);
  85   2            break;
  86   2        }
  87   1      }
  88          
  89          
  90          void show_data(TR_data){  // 显示数据
  91   1        show_num(1, 3, TR_data, 3);
  92   1      }
  93          
  94          void mock_data(){
  95   1        uint i = 0,len_data = R_buf[2] + 3;
  96   1        
  97   1        for( i = 0; i < len_data;i ++){
  98   2          if(!Succ && i == 1){
  99   3            T_buf[i] = 0;
 100   3            break;
 101   3          }
 102   2          T_buf[i] = R_buf[i + 1];
 103   2        }
 104   1        
 105   1        check = T_buf[0];
 106   1        len_data = T_buf[1] == 0 ? 2: T_buf[1] + 3;
 107   1        
 108   1        for( i = 1 ; i < len_data; i++){
 109   2          check ^= T_buf[i];
 110   2        }
 111   1        
 112   1        T_buf[i] = check;
 113   1      }
 114          
 115          
 116          
 117          void send_addr(uchar slave_addr){
C51 COMPILER V9.60.0.0   SLAVE1                                                            06/01/2022 23:51:18 PAGE 3   

 118   1         TI = 0;
 119   1         TB8 = 1;
 120   1         LED=~LED;
 121   1         TXEN;
 122   1         SBUF = slave_addr;
 123   1         while(!TI);
 124   1         TI=0;
 125   1      }
 126          
 127          
 128          
 129          void send_data(){
 130   1        TI = 0;
 131   1        T_done = 0;
 132   1        TXEN;
 133   1        TPtr = 0;
 134   1        TB8 = 0;
 135   1        TI = 1;
 136   1        while(!T_done)
 137   1        T_done = 0; 
 138   1      }
 139          
 140          
 141          
 142          void recv_data(){
 143   1          uint i;
 144   1        
 145   1          RPtr = 0; // 初始化接收
 146   1          R_done = 0;
 147   1          RXEN;
 148   1      
 149   1          while(!R_done); //接收完成后比对校验位
 150   1          R_done = 0;
 151   1           
 152   1          R_check = R_buf[0];
 153   1          for(i = 1; i < len + 3;i++){
 154   2            R_check ^= R_buf[i];
 155   2          }
 156   1          Succ = ~Succ; //用于测试
 157   1         // Succ = (R_check == R_buf[len + 3] ? 1 : 0);
 158   1          
 159   1        //  timer0_init(); // 测试执行mock_data,多长时间；测试表明将近100ms
 160   1          mock_data();  // 根据接收数据，模拟数据
 161   1          
 162   1        //  show_test_data(25); //测试代码
 163   1        //  delay(1000);        
 164   1        //  show_test_data(time_count);
 165   1        //  delay(1000);
 166   1          
 167   1          delay(1000); //同步主机
 168   1          send_data();  //校验后向主机发送数据
 169   1      }
 170          
 171          
 172          
 173          void main(){
 174   1        uint i = 0;
 175   1        serial_init();  // 串口初始化
 176   1        LCD_init();     // LCD显示初始化
 177   1        
 178   1        write_command(0x80); // 光标位置
 179   1        write_data('R');
C51 COMPILER V9.60.0.0   SLAVE1                                                            06/01/2022 23:51:18 PAGE 4   

 180   1        write_data(':');
 181   1        while(1){
 182   2          RI = 0;
 183   2          while(!RI); // 等到触发接收中断时跳出
 184   2          
 185   2          show_test_data(4, A_acc); //异常测试代码
 186   2          delay(1000);
 187   2          
 188   2          if(R_addr == slave_addr && A_acc){ // 确定地址,A_acc 用于模仿超过七毫秒没有接收到数据   
 189   3            show_test_data(5, A_acc);
 190   3            send_addr(slave_addr);
 191   3            SM2 = 0;
 192   3          }else {
 193   3            delay(10);
 194   3            A_acc = ~A_acc;
 195   3            continue;
 196   3          }       
 197   2      
 198   2          recv_data(); // 接收数据，然后发送数据
 199   2          
 200   2          
 201   2          while(!Succ){ // 如果接收失败重新接收
 202   3            recv_data();
 203   3          }
 204   2          
 205   2          show_data(R_buf[3]); // 数据接收成功，则显示数据
 206   2          
 207   2          RPtr = 0;  //接受主机发送终止请求
 208   2          R_done = 0;
 209   2          RXEN;
 210   2          
 211   2          while(!R_done); //通信结束
 212   2          SM2 = 1;
 213   2          Succ = 0;
 214   2        }
 215   1      }
 216          
 217          
 218          void comISR() interrupt 4 { //串口通信中断服务
 219   1        if(RI == 1){  
 220   2          RI = 0;
 221   2          if(RB8 == 0){
 222   3            
 223   3            R_buf[RPtr++] = SBUF;
 224   3                                 
 225   3            show_test_data(1, R_buf[RPtr - 1]); //测试代码
 226   3            delay(1000);
 227   3            
 228   3            if( RPtr >= 4 + R_buf[2]){ //主机地址+从机地址+数据长度+数据+校验和
 229   4              
 230   4              show_test_data(3, RPtr);  //测试代码
 231   4              delay(1000);
 232   4              
 233   4              R_done = 1;
 234   4              len = R_buf[2];
 235   4            }
 236   3          }
 237   2          
 238   2          if(RB8 == 1){
 239   3              R_addr = SBUF;
 240   3          }
 241   2        } 
C51 COMPILER V9.60.0.0   SLAVE1                                                            06/01/2022 23:51:18 PAGE 5   

 242   1        
 243   1        
 244   1        if( TI == 1 && TB8 == 0){
 245   2          TI = 0;
 246   2          
 247   2          if(!T_done){
 248   3            TB8 = 0;
 249   3            SBUF = T_buf[TPtr++];
 250   3            
 251   3            show_test_data(0, T_buf[TPtr - 1]); //测试代码
 252   3            delay(1000);
 253   3            
 254   3            if(TPtr >= T_buf[1] + 3){
 255   4              
 256   4                show_test_data(2, TPtr); //测试代码
 257   4                delay(1000);
 258   4              
 259   4                T_done = 1;
 260   4                TPtr = 0;
 261   4            }
 262   3          } 
 263   2        }
 264   1      }
 265          
 266          
 267          
 268          void timer0ISR() interrupt 1{ // 定时器0中断服务timer 
 269   1        time_count ++;
 270   1        timer0_init();
 271   1      }


MODULE INFORMATION:   STATIC OVERLAYABLE
   CODE SIZE        =    726    ----
   CONSTANT SIZE    =     24    ----
   XDATA SIZE       =   ----    ----
   PDATA SIZE       =   ----    ----
   DATA SIZE        =     31       3
   IDATA SIZE       =   ----    ----
   BIT SIZE         =      4    ----
END OF MODULE INFORMATION.


C51 COMPILATION COMPLETE.  0 WARNING(S),  0 ERROR(S)
