C51 COMPILER V9.60.0.0   KEYSCAN                                                           06/02/2022 00:12:33 PAGE 1   


C51 COMPILER V9.60.0.0, COMPILATION OF MODULE KEYSCAN
OBJECT MODULE PLACED IN KeyScan.OBJ
COMPILER INVOKED BY: C:\Keil_v5\C51\BIN\C51.EXE KeyScan.c OPTIMIZE(8,SPEED) BROWSE DEBUG OBJECTEXTEND TABS(2)

line level    source

   1          #include <reg52.h>
   2          #include "Delay.h"
   3          
   4          #define uchar unsigned char;
   5          sbit key1=P1^0;
   6          sbit key2=P1^1;
   7          sbit key3=P1^2;
   8          sbit key4=P1^3;
   9          
  10          
  11          int getKeyNum(void){
  12   1        unsigned char k=0;
  13   1        
  14   1        if(key1==0){
  15   2          delay(20);
  16   2          while(key1 == 0);
  17   2          delay(20);
  18   2          k = 1;    
  19   2        }
  20   1        
  21   1        if(key2==0){
  22   2          delay(20);
  23   2          while(key2 == 0);
  24   2          delay(20);
  25   2          k = 2;
  26   2        }
  27   1        
  28   1        if(key3==0){
  29   2          delay(20);
  30   2          while(key3==0);
  31   2          delay(20);
  32   2          k = 3;
  33   2        }
  34   1        
  35   1        if(key4==0){
  36   2          delay(20);
  37   2          while(key4 == 0);
  38   2          delay(20);
  39   2          k = 4;
  40   2        }
  41   1        
  42   1        return k;
  43   1      }
  44          


MODULE INFORMATION:   STATIC OVERLAYABLE
   CODE SIZE        =     99    ----
   CONSTANT SIZE    =   ----    ----
   XDATA SIZE       =   ----    ----
   PDATA SIZE       =   ----    ----
   DATA SIZE        =   ----       1
   IDATA SIZE       =   ----    ----
   BIT SIZE         =   ----    ----
END OF MODULE INFORMATION.

C51 COMPILER V9.60.0.0   KEYSCAN                                                           06/02/2022 00:12:33 PAGE 2   


C51 COMPILATION COMPLETE.  0 WARNING(S),  0 ERROR(S)
